// Jest Snapshot v1, https://goo.gl/fbAQLP

exports[`Register test snapShot test 1`] = `
<MemoryRouter
  initialEntries={
    Array [
      Object {
        "key": "Register",
      },
    ]
  }
>
  <Router
    history={
      Object {
        "action": "POP",
        "block": [Function],
        "canGo": [Function],
        "createHref": [Function],
        "entries": Array [
          Object {
            "hash": "",
            "key": "Register",
            "pathname": "/",
            "search": "",
          },
        ],
        "go": [Function],
        "goBack": [Function],
        "goForward": [Function],
        "index": 0,
        "length": 1,
        "listen": [Function],
        "location": Object {
          "hash": "",
          "key": "Register",
          "pathname": "/",
          "search": "",
        },
        "push": [Function],
        "replace": [Function],
      }
    }
  >
    <Register>
      <div>
        <RegisterComponent
          checkEmail={[Function]}
          checkId={[Function]}
          checkPhone={[Function]}
          emailCheck={false}
          emailStatus=""
          idCheck={false}
          idStatus=""
          onRegister={[Function]}
          phoneCheck={false}
        >
          <div
            className="container auth"
          >
            <Link
              className="logo"
              replace={false}
              to="/"
            >
              <a
                className="logo"
                href="/"
                onClick={[Function]}
              >
                5437
              </a>
            </Link>
            <div
              className="card"
            >
              <div
                className="header blue white-text center"
              >
                <div
                  className="card-content"
                >
                  REGISTER
                </div>
              </div>
              <div>
                <div
                  className="card-content"
                >
                  <div
                    className="row"
                  >
                    <div
                      className="input-field col s12 username"
                    >
                      <label>
                        Id
                      </label>
                      <i />
                      <input
                        className="validate"
                        name="userId"
                        onBlur={[Function]}
                        onChange={[Function]}
                        type="text"
                        value=""
                      />
                    </div>
                    <div
                      className="input-field col s12"
                    >
                      <label>
                        Password 
                      </label>
                      <i>
                        비밀번호는 8자이상 최소 한개 이상의 특수문자가 있어야합니다.
                      </i>
                      <input
                        className="validate"
                        name="password"
                        onChange={[Function]}
                        onKeyUp={[Function]}
                        type="password"
                        value=""
                      />
                    </div>
                    <div
                      className="input-field col s12"
                    >
                      <label>
                        Passsword check
                      </label>
                      <i />
                      <input
                        className="validate"
                        name="passwordCheck"
                        onChange={[Function]}
                        onKeyUp={[Function]}
                        type="password"
                        value=""
                      />
                    </div>
                    <div
                      className="input-field col s12 "
                    >
                      <label>
                        이름
                      </label>
                      <input
                        className="validate"
                        name="name"
                        onChange={[Function]}
                        type="text"
                        value=""
                      />
                    </div>
                    <div
                      className="input-field col s12 "
                    >
                      <label>
                        생년월일
                      </label>
                      <input
                        className="validate"
                        name="birth"
                        onChange={[Function]}
                        type="text"
                        value=""
                      />
                    </div>
                    <div
                      className="input-field col s12 "
                    >
                      <select
                        name="gender"
                        onChange={[Function]}
                        value=""
                      >
                        <option
                          disabled={true}
                          value=""
                        >
                          성별
                        </option>
                        <option
                          value="M"
                        >
                          남자
                        </option>
                        <option
                          value="F"
                        >
                          여자
                        </option>
                      </select>
                    </div>
                    <div
                      className="input-field col s12 "
                    >
                      <label>
                        이메일
                      </label>
                      <i />
                      <input
                        className="validate"
                        name="email"
                        onChange={[Function]}
                        type="text"
                        value=""
                      />
                    </div>
                    <div
                      className="input-field col s12 "
                    >
                      <label />
                      <button
                        onClick={[Function]}
                      >
                        이메일체크
                      </button>
                    </div>
                    <div
                      className="input-field col s12 "
                    >
                      <label>
                        휴대폰
                      </label>
                      <input
                        className="validate"
                        maxLength="13"
                        name="phone"
                        onChange={[Function]}
                        type="text"
                        value=""
                      />
                    </div>
                    <div
                      className="input-field col s12 "
                    >
                      <label />
                      <button
                        onClick={[Function]}
                      >
                        폰번호체크
                      </button>
                    </div>
                    <a
                      className="waves-effect waves-light btn"
                      onClick={[Function]}
                    >
                      CREATE
                    </a>
                  </div>
                </div>
              </div>
            </div>
          </div>
        </RegisterComponent>
      </div>
    </Register>
  </Router>
</MemoryRouter>
`;
