// Jest Snapshot v1, https://goo.gl/fbAQLP

exports[`Settings test snapShot test logined snapshot 1`] = `
<Settings
  allInfo={
    Immutable.Map {
    }
  }
  getAllInfo={[Function]}
  history={
    Object {
      "push": [Function],
    }
  }
  status={
    Immutable.Map {
      isLoggedIn: true,
    }
  }
>
  <div>
    <SettingsComponent
      info={
        Immutable.Map {
        }
      }
      push={[Function]}
      quit={[Function]}
    >
      <div>
        <div
          className="container auth"
        >
          <div
            className="card"
          >
            <div
              className="header blue white-text center"
            >
              <div
                className="card-content"
              >
                개인정보
              </div>
            </div>
            <div
              className="card-content"
            >
              <div
                className="row"
              >
                <div
                  onClick={[Function]}
                  style={
                    Object {
                      "cursor": "pointer",
                    }
                  }
                >
                  <div
                    className="input-field col s6"
                  >
                    닉네임:
                  </div>
                  <div
                    className="input-field col s6"
                  >
                    <div />
                  </div>
                </div>
                <div
                  onClick={[Function]}
                  style={
                    Object {
                      "cursor": "pointer",
                    }
                  }
                >
                  <div
                    className="input-field col s12"
                  >
                    비밀번호 수정
                  </div>
                </div>
                <div
                  onClick={[Function]}
                  style={
                    Object {
                      "cursor": "pointer",
                    }
                  }
                >
                  <div
                    className="input-field col s6"
                  >
                    이메일:
                  </div>
                  <div
                    className="input-field col s6"
                  >
                    <div />
                  </div>
                </div>
                <div
                  onClick={[Function]}
                  style={
                    Object {
                      "cursor": "pointer",
                    }
                  }
                >
                  <div
                    className="input-field col s6"
                  >
                    휴대폰:
                  </div>
                  <div
                    className="input-field col s6"
                  >
                    <div />
                  </div>
                </div>
              </div>
            </div>
            <button
              onClick={[Function]}
            >
              탈퇴하기
            </button>
          </div>
        </div>
      </div>
    </SettingsComponent>
  </div>
</Settings>
`;

exports[`Settings test snapShot test not login snapshot 1`] = `
<Settings
  getAllInfo={[Function]}
  history={
    Object {
      "push": [Function],
    }
  }
  status={
    Immutable.Map {
      isLoggedIn: false,
    }
  }
>
  <div />
</Settings>
`;
