// Jest Snapshot v1, https://goo.gl/fbAQLP

exports[`ChattingContainer test snapshot test snapshot 1`] = `
<div
  style={
    Object {
      "border": "black solid 2px",
      "height": "100%",
      "width": "300px",
    }
  }
>
  <Chatting
    connectToServer={[Function]}
    disconnect={[Function]}
    getStatus={[Function]}
    joinRoom={[Function]}
    leaveRoom={[Function]}
    messages={Array []}
    onMessageSubmit={[Function]}
    room="1"
    users={
      Array [
        "g1",
        "g2",
        "g3",
      ]
    }
  />
</div>
`;
