// Jest Snapshot v1, https://goo.gl/fbAQLP

exports[`LoginComponent test snapshot test 1`] = `
<Modal
  autoFocus={true}
  backdrop={true}
  backdropTransition={
    Object {
      "mountOnEnter": true,
      "timeout": 150,
    }
  }
  centered={false}
  fade={true}
  isOpen={false}
  keyboard={true}
  modalTransition={
    Object {
      "timeout": 300,
    }
  }
  onClosed={[Function]}
  onOpened={[Function]}
  role="dialog"
  style={
    Object {
      "marginTop": "100px",
      "width": "350px",
    }
  }
  zIndex={1050}
>
  <div
    className="d-flex flex-row"
    style={
      Object {
        "paddingLeft": "50px",
        "paddingTop": "40px",
      }
    }
  >
    <h2>
      Splendy
    </h2>
    <h3
      style={
        Object {
          "margin": 0,
          "paddingLeft": "10px",
          "paddingTop": "5px",
        }
      }
    >
      로그인
    </h3>
  </div>
  <ModalBody
    style={
      Object {
        "paddingLeft": "30px",
        "paddingTop": "0",
      }
    }
    tag="div"
  >
    <div
      className="card-body"
      style={
        Object {
          "paddingBottom": "0",
        }
      }
    >
      <h5
        className="card-title"
      >
        Id
      </h5>
      <input
        className="validate"
        name="userId"
        onChange={[Function]}
        type="text"
        value="g2"
      />
    </div>
    <div
      className="card-body"
      style={
        Object {
          "paddingBottom": "0",
        }
      }
    >
      <h5
        className="card-title"
      >
        Password
      </h5>
      <input
        className="validate"
        name="password"
        onChange={[Function]}
        onKeyPress={[Function]}
        type="password"
        value="...."
      />
    </div>
    <div
      className="card-body"
    >
      <button
        className="btn btn-danger"
      >
        <a
          className="waves-effect waves-light btn"
          onClick={[Function]}
        >
          SUBMIT
        </a>
      </button>
    </div>
  </ModalBody>
  <ModalFooter
    tag="div"
  >
    <div
      className="card-content"
    >
      <div
        className="right d-flex "
      >
        <div
          className="text-secondary"
          onClick={[Function]}
        >
          Create an account
        </div>
        /
        <div
          className="text-secondary"
          onClick={[Function]}
        >
          아이디 비밀번호찾기
        </div>
      </div>
    </div>
  </ModalFooter>
</Modal>
`;
