// Jest Snapshot v1, https://goo.gl/fbAQLP

exports[`LoginComponent test snapshot test 1`] = `
<div
  className="container auth"
>
  <Link
    className="logo"
    replace={false}
    to="/"
  >
    5437
  </Link>
  <div
    className="card"
  >
    <div
      className="header blue white-text center"
    >
      <div
        className="card-content"
      >
        Login
      </div>
    </div>
    <div
      className="card-content"
    >
      <div
        className="row"
      >
        <div
          className="input-field col s12 username"
        >
          <label>
            Id
          </label>
          <input
            className="validate"
            name="userId"
            onChange={[Function]}
            type="text"
            value="g2"
          />
        </div>
        <div
          className="input-field col s12"
        >
          <label>
            Password
          </label>
          <input
            className="validate"
            name="password"
            onChange={[Function]}
            onKeyPress={[Function]}
            type="password"
            value="...."
          />
        </div>
        <a
          className="waves-effect waves-light btn"
          onClick={[Function]}
        >
          SUBMIT
        </a>
      </div>
    </div>
    <div
      className="footer"
    >
      <div
        className="card-content"
      >
        <div
          className="right"
        >
          <a
            href="/register"
          >
            Create an account
          </a>
          /
          <Link
            replace={false}
            to="/find"
          >
            아이디 비밀번호찾기
          </Link>
        </div>
      </div>
    </div>
  </div>
</div>
`;
