// Jest Snapshot v1, https://goo.gl/fbAQLP

exports[`RegisterComponent Test snapShot test 1`] = `
<Modal
  autoFocus={true}
  backdrop={true}
  backdropTransition={
    Object {
      "mountOnEnter": true,
      "timeout": 150,
    }
  }
  centered={false}
  fade={true}
  isOpen={false}
  keyboard={true}
  modalTransition={
    Object {
      "timeout": 300,
    }
  }
  onClosed={[Function]}
  onOpened={[Function]}
  role="dialog"
  style={
    Object {
      "marginTop": "50px",
      "width": "450px",
    }
  }
  zIndex={1050}
>
  <div
    className="d-flex flex-row"
    style={
      Object {
        "paddingLeft": "50px",
        "paddingTop": "40px",
      }
    }
  >
    <h2>
      Splendy
    </h2>
    <h3
      style={
        Object {
          "margin": 0,
          "paddingLeft": "10px",
          "paddingTop": "5px",
        }
      }
    >
      회원가입
    </h3>
  </div>
  <ModalBody
    style={
      Object {
        "paddingLeft": "30px",
        "paddingTop": "0",
      }
    }
    tag="div"
  >
    <div
      className="form-group"
    >
      <label
        className="col-form-label"
        htmlFor="userId"
      >
        Id
      </label>
      <i
        style={
          Object {
            "color": "blue",
            "marginLeft": "10px",
          }
        }
      >
        아이디가 이미 사용중 입니다.
      </i>
      <input
        className="form-control"
        name="userId"
        onBlur={[Function]}
        onChange={[Function]}
        type="text"
        value="g1"
      />
    </div>
    <div
      className="form-group"
    >
      <label
        className="col-form-label"
        htmlFor="password"
      >
        Password 
      </label>
      <i
        style={
          Object {
            "color": "blue",
            "marginLeft": "10px",
          }
        }
      >
        안전한 비밀번호입니다.
      </i>
      <input
        className="form-control"
        name="password"
        onChange={[Function]}
        onKeyUp={[Function]}
        type="password"
        value="54375437!"
      />
    </div>
    <div
      className="form-group"
    >
      <label
        className="col-form-label"
        htmlFor="passwordCheck"
      >
        Passsword check
      </label>
      <i
        style={
          Object {
            "color": "blue",
            "marginLeft": "10px",
          }
        }
      >
        비밀번호가 같습니다.
      </i>
      <input
        className="form-control"
        name="passwordCheck"
        onChange={[Function]}
        onKeyUp={[Function]}
        type="password"
        value="54375437!"
      />
    </div>
    <div
      className="form-group"
    >
      <div
        className="row"
      >
        <div
          className="col"
        >
          <label
            className="col-form-label"
            htmlFor="name"
          >
            이름
          </label>
          <input
            className="form-control"
            name="name"
            onChange={[Function]}
            type="text"
            value="g1"
          />
        </div>
        <div
          className="col"
        >
          <label
            className="col-form-label"
            htmlFor="birth"
          >
            생년월일
          </label>
          <input
            className="form-control"
            name="birth"
            onChange={[Function]}
            type="text"
            value="950613"
          />
        </div>
      </div>
    </div>
    <div
      className="form-group"
    >
      <select
        className="custom-select"
        name="gender"
        onChange={[Function]}
        value="F"
      >
        <option
          disabled={true}
          value=""
        >
          성별
        </option>
        <option
          value="M"
        >
          남자
        </option>
        <option
          value="F"
        >
          여자
        </option>
      </select>
    </div>
    <div
      className="form-group"
    >
      <label
        className="col-form-label"
        htmlFor="email"
      >
        이메일
      </label>
      <i
        style={
          Object {
            "color": "blue",
            "marginLeft": "10px",
          }
        }
      >
        이미 이메일을 사용중입니다.
      </i>
      <input
        className="form-control"
        name="email"
        onBlur={[Function]}
        onChange={[Function]}
        type="text"
        value="jwc2094@naver.com"
      />
    </div>
    <div
      className="form-group"
    >
      <label
        className="col-form-label"
        htmlFor="phone"
      >
        휴대폰
      </label>
      <i
        style={
          Object {
            "color": "blue",
            "marginLeft": "10px",
          }
        }
      >
        사용할 수 있는 번호입니다.
      </i>
      <input
        className="form-control"
        maxLength="13"
        name="phone"
        onBlur={[Function]}
        onChange={[Function]}
        onKeyPress={[Function]}
        type="text"
        value="000-0000-0000"
      />
    </div>
  </ModalBody>
  <ModalFooter
    tag="div"
  >
    <div
      className="card-content"
    >
      <div
        className="right "
      >
        <button
          className="text-secondary"
          onClick={[Function]}
          style={
            Object {
              "cursor": "pointer",
            }
          }
        >
          CREATE
        </button>
      </div>
      <div
        className="left"
      >
        <div
          className="text-secondary"
          onClick={[Function]}
        >
          로그인하기
        </div>
      </div>
    </div>
  </ModalFooter>
</Modal>
`;
